A51 MACRO ASSEMBLER  TRIAL                                                                03/10/2021 15:01:33 PAGE     1


MACRO ASSEMBLER A51 V8.2.7.0
OBJECT MODULE PLACED IN .\Objects\trial.obj
ASSEMBLER INVOKED BY: E:\C51\BIN\A51.EXE trial.asm SET(SMALL) DEBUG PRINT(.\Listings\trial.lst) OBJECT(.\Objects\trial.o
                      bj) EP

LOC  OBJ            LINE     SOURCE

0000                   1     ORG 00H
0000 020300            2     LJMP main
0300                   3     ORG 300H
                       4             
0300                   5     main:
0300 74FF              6             MOV A, #255
0302 2401              7             ADD A, #1
                       8             END
A51 MACRO ASSEMBLER  TRIAL                                                                03/10/2021 15:01:33 PAGE     2

SYMBOL TABLE LISTING
------ ----- -------


N A M E             T Y P E  V A L U E   ATTRIBUTES

MAIN . . . . . . .  C ADDR   0300H   A   


REGISTER BANK(S) USED: 0 


ASSEMBLY COMPLETE.  0 WARNING(S), 0 ERROR(S)
